Component: ARM Compiler 5.06 update 7 (build 960) Tool: armlink [4d3601]

==============================================================================

Section Cross References

    main.o(i.mymain) refers to main.o(i.delay) for delay
    start.o(RESET) refers to start.o(.text) for Reset_Handler
    start.o(.text) refers to main.o(i.mymain) for mymain


==============================================================================

Image Symbol Table

    Local Symbols

    Symbol Name                              Value     Ov Type        Size  Object(Section)

    main.c                                   0x00000000   Number         0  main.o ABSOLUTE
    start.s                                  0x00000000   Number         0  start.o ABSOLUTE
    RESET                                    0x08000000   Section        8  start.o(RESET)
    .text                                    0x08000008   Section       12  start.o(.text)
    i.delay                                  0x08000014   Section        0  main.o(i.delay)
    i.mymain                                 0x08000020   Section        0  main.o(i.mymain)

    Global Symbols

    Symbol Name                              Value     Ov Type        Size  Object(Section)

    BuildAttributes$$THM_ISAv4$P$D$K$B$S$PE$A:L22UL41UL21$X:L11$S22US41US21$IEEE1$IW$USESV6$~STKCKD$USESV7$~SHL$OSPACE$EBA8$STANDARDLIB$REQ8$PRES8$EABIv2 0x00000000   Number         0  anon$$obj.o ABSOLUTE
    __Vectors                                0x08000000   Data           4  start.o(RESET)
    Reset_Handler                            0x08000009   Thumb Code     8  start.o(.text)
    delay                                    0x08000015   Thumb Code    12  main.o(i.delay)
    mymain                                   0x08000021   Thumb Code    60  main.o(i.mymain)



==============================================================================

Memory Map of the image

  Image entry point : Not specified.

  Load Region LR_IROM1 (Base: 0x08000000, Size: 0x00000064, Max: 0x00080000, ABSOLUTE)

    Execution Region ER_IROM1 (Exec base: 0x08000000, Load base: 0x08000000, Size: 0x00000064, Max: 0x00080000, ABSOLUTE)

    Exec Addr    Load Addr    Size         Type   Attr      Idx    E Section Name        Object

    0x08000000   0x08000000   0x00000008   Data   RO           19    RESET               start.o
    0x08000008   0x08000008   0x0000000c   Code   RO           20    .text               start.o
    0x08000014   0x08000014   0x0000000c   Code   RO            1    i.delay             main.o
    0x08000020   0x08000020   0x00000044   Code   RO            2    i.mymain            main.o


    Execution Region RW_IRAM1 (Exec base: 0x20000000, Load base: 0x08000064, Size: 0x00000000, Max: 0x00010000, ABSOLUTE)

    **** No section assigned to this execution region ****


==============================================================================

Image component sizes


      Code (inc. data)   RO Data    RW Data    ZI Data      Debug   Object Name

        80          8          0          0          0       2377   main.o
        12          4          8          0          0        360   start.o

    ----------------------------------------------------------------------
        92         12          8          0          0       2737   Object Totals
         0          0          0          0          0          0   (incl. Generated)
         0          0          0          0          0          0   (incl. Padding)

    ----------------------------------------------------------------------
         0          0          0          0          0          0   Library Totals
         0          0          0          0          0          0   (incl. Padding)

    ----------------------------------------------------------------------

==============================================================================


      Code (inc. data)   RO Data    RW Data    ZI Data      Debug   

        92         12          8          0          0       2737   Grand Totals
        92         12          8          0          0       2737   ELF Image Totals
        92         12          8          0          0          0   ROM Totals

==============================================================================

    Total RO  Size (Code + RO Data)                  100 (   0.10kB)
    Total RW  Size (RW Data + ZI Data)                 0 (   0.00kB)
    Total ROM Size (Code + RO Data + RW Data)        100 (   0.10kB)

==============================================================================

