


ARM Macro Assembler    Page 1 


    1 00000000                 PRESERVE8
    2 00000000                 THUMB
    3 00000000                 AREA             RESET, DATA, READONLY
    4 00000000         ; 前三行为语法规定
    5 00000000         
    6 00000000                 EXPORT           __Vectors
    7 00000000 00000000 
                       __Vectors
                               DCD              0
    8 00000004 00000000        DCD              Reset_Handler ; Reset Handler
    9 00000008         
   10 00000008                 AREA             |.text|, CODE, READONLY
   11 00000000         
   12 00000000         ; Reset handler
   13 00000000         Reset_Handler
                               PROC
   14 00000000                 EXPORT           Reset_Handler             [WEAK
]
   15 00000000                 IMPORT           mymain      ; 调用外部函数 main
                                                            
   16 00000000         
   17 00000000 F8DF D004       LDR              SP,= (0x20000000+0x10000) 
                                                            ; 设置栈
   18 00000004 F7FF FFFE       BL               mymain      ; 跳转到 main
   19 00000008         
   20 00000008                 ENDP
   21 00000008         
   22 00000008                 END
              20010000 
Command Line: --debug --xref --diag_suppress=9931 --cpu=Cortex-M3 --apcs=interw
ork --depend=.\objects\start.d -o.\objects\start.o -ID:\SoftWare\Keil\PACKS\Kei
l\STM32F1xx_DFP\2.3.0\Device\Include -ID:\SoftWare\Keil\MDK\ARM\CMSIS\Include -
-predefine="__UVISION_VERSION SETA 532" --predefine="STM32F10X_HD SETA 1" --lis
t=.\listings\start.lst start.s



ARM Macro Assembler    Page 1 Alphabetic symbol ordering
Relocatable symbols

RESET 00000000

Symbol: RESET
   Definitions
      At line 3 in file start.s
   Uses
      None
Comment: RESET unused
__Vectors 00000000

Symbol: __Vectors
   Definitions
      At line 7 in file start.s
   Uses
      At line 6 in file start.s
Comment: __Vectors used once
2 symbols



ARM Macro Assembler    Page 1 Alphabetic symbol ordering
Relocatable symbols

.text 00000000

Symbol: .text
   Definitions
      At line 10 in file start.s
   Uses
      None
Comment: .text unused
Reset_Handler 00000000

Symbol: Reset_Handler
   Definitions
      At line 13 in file start.s
   Uses
      At line 8 in file start.s
      At line 14 in file start.s

2 symbols



ARM Macro Assembler    Page 1 Alphabetic symbol ordering
External symbols

mymain 00000000

Symbol: mymain
   Definitions
      At line 15 in file start.s
   Uses
      At line 18 in file start.s
Comment: mymain used once
1 symbol
339 symbols in table
