Component: ARM Compiler 5.06 update 7 (build 960) Tool: armlink [4d3601]

==============================================================================

Section Cross References

    main.o(i.SystemInit) refers to rt_memcpy_w.o(.text) for __aeabi_memcpy4
    main.o(i.SystemInit) refers to rt_memclr_w.o(.text) for __aeabi_memclr4
    main.o(i.mymain) refers to uart.o(i.uart_init) for uart_init
    main.o(i.mymain) refers to uart.o(i.getchar) for getchar
    main.o(i.mymain) refers to uart.o(i.putchar) for putchar
    main.o(i.mymain) refers to string.o(i.put_s_hex) for put_s_hex
    main.o(i.mymain) refers to main.o(.data) for g_char1
    main.o(i.mymain) refers to main.o(.constdata) for g_char2
    main.o(i.mymain) refers to main.o(.bss) for g_A
    start.o(.text) refers to main.o(i.SystemInit) for SystemInit
    start.o(.text) refers to main.o(i.mymain) for mymain
    string.o(i.put_s_hex) refers to string.o(i.puts) for puts
    string.o(i.put_s_hex) refers to string.o(i.puthex) for puthex
    string.o(i.puthex) refers to string.o(i.puts) for puts
    string.o(i.puthex) refers to uart.o(i.putchar) for putchar
    string.o(i.puts) refers to uart.o(i.putchar) for putchar


==============================================================================

Image Symbol Table

    Local Symbols

    Symbol Name                              Value     Ov Type        Size  Object(Section)

    ../clib/memcpset.s                       0x00000000   Number         0  rt_memcpy_w.o ABSOLUTE
    ../clib/memcpset.s                       0x00000000   Number         0  rt_memclr_w.o ABSOLUTE
    dc.s                                     0x00000000   Number         0  dc.o ABSOLUTE
    main.c                                   0x00000000   Number         0  main.o ABSOLUTE
    start.s                                  0x00000000   Number         0  start.o ABSOLUTE
    string.c                                 0x00000000   Number         0  string.o ABSOLUTE
    uart.c                                   0x00000000   Number         0  uart.o ABSOLUTE
    RESET                                    0x20000000   Section        8  start.o(RESET)
    .text                                    0x20000008   Section       16  start.o(.text)
    .text                                    0x20000018   Section      100  rt_memcpy_w.o(.text)
    .text                                    0x2000007c   Section       78  rt_memclr_w.o(.text)
    i.SystemInit                             0x200000cc   Section        0  main.o(i.SystemInit)
    i.delay                                  0x2000010c   Section        0  main.o(i.delay)
    i.getchar                                0x20000120   Section        0  uart.o(i.getchar)
    i.memcpy                                 0x20000138   Section        0  string.o(i.memcpy)
    i.memset                                 0x20000152   Section        0  string.o(i.memset)
    i.mymain                                 0x20000168   Section        0  main.o(i.mymain)
    i.put_s_hex                              0x20000228   Section        0  string.o(i.put_s_hex)
    i.putchar                                0x20000248   Section        0  uart.o(i.putchar)
    i.puthex                                 0x20000260   Section        0  string.o(i.puthex)
    i.puts                                   0x200002a4   Section        0  string.o(i.puts)
    i.uart_init                              0x200002bc   Section        0  uart.o(i.uart_init)
    .constdata                               0x2000030c   Section        1  main.o(.constdata)
    .data                                    0x20000310   Section        1  main.o(.data)
    .bss                                     0x20000314   Section      192  main.o(.bss)
    s_C                                      0x20000394   Data          64  main.o(.bss)

    Global Symbols

    Symbol Name                              Value     Ov Type        Size  Object(Section)

    BuildAttributes$$THM_ISAv4$P$D$K$B$S$PE$A:L22UL41UL21$X:L11$S22US41US21$IEEE1$IW$USESV6$~STKCKD$USESV7$~SHL$OSPACE$ROPI$EBA8$STANDARDLIB$REQ8$PRES8$EABIv2 0x00000000   Number         0  anon$$obj.o ABSOLUTE
    Image$$RW_IRAM1$$Length                  0x00000004   Number         0  anon$$obj.o ABSOLUTE
    Image$$RW_IRAM1$$ZI$$Length              0x000000c0   Number         0  anon$$obj.o ABSOLUTE
    Image$$ER_IROM1$$Length                  0x00000310   Number         0  anon$$obj.o ABSOLUTE
    Load$$ER_IROM1$$Base                     0x08000000   Number         0  anon$$obj.o ABSOLUTE
    Load$$RW_IRAM1$$Base                     0x08000310   Number         0  anon$$obj.o ABSOLUTE
    Image$$ER_IROM1$$Base                    0x20000000   Number         0  anon$$obj.o ABSOLUTE
    __Vectors                                0x20000000   Data           4  start.o(RESET)
    Reset_Handler                            0x20000009   Thumb Code    12  start.o(.text)
    __aeabi_memcpy4                          0x20000019   Thumb Code     0  rt_memcpy_w.o(.text)
    __aeabi_memcpy8                          0x20000019   Thumb Code     0  rt_memcpy_w.o(.text)
    __rt_memcpy_w                            0x20000019   Thumb Code   100  rt_memcpy_w.o(.text)
    _memcpy_lastbytes_aligned                0x20000061   Thumb Code     0  rt_memcpy_w.o(.text)
    __aeabi_memclr4                          0x2000007d   Thumb Code     0  rt_memclr_w.o(.text)
    __aeabi_memclr8                          0x2000007d   Thumb Code     0  rt_memclr_w.o(.text)
    __rt_memclr_w                            0x2000007d   Thumb Code    78  rt_memclr_w.o(.text)
    _memset_w                                0x20000081   Thumb Code     0  rt_memclr_w.o(.text)
    SystemInit                               0x200000cd   Thumb Code    32  main.o(i.SystemInit)
    delay                                    0x2000010d   Thumb Code    18  main.o(i.delay)
    getchar                                  0x20000121   Thumb Code    18  uart.o(i.getchar)
    memcpy                                   0x20000139   Thumb Code    26  string.o(i.memcpy)
    memset                                   0x20000153   Thumb Code    20  string.o(i.memset)
    mymain                                   0x20000169   Thumb Code    92  main.o(i.mymain)
    put_s_hex                                0x20000229   Thumb Code    26  string.o(i.put_s_hex)
    putchar                                  0x20000249   Thumb Code    18  uart.o(i.putchar)
    puthex                                   0x20000261   Thumb Code    62  string.o(i.puthex)
    puts                                     0x200002a5   Thumb Code    22  string.o(i.puts)
    uart_init                                0x200002bd   Thumb Code    68  uart.o(i.uart_init)
    g_char2                                  0x2000030c   Data           1  main.o(.constdata)
    Image$$RW_IRAM1$$Base                    0x20000310   Number         0  anon$$obj.o ABSOLUTE
    g_char1                                  0x20000310   Data           1  main.o(.data)
    Image$$RW_IRAM1$$ZI$$Base                0x20000314   Number         0  anon$$obj.o ABSOLUTE
    g_A                                      0x20000314   Data          64  main.o(.bss)
    g_B                                      0x20000354   Data          64  main.o(.bss)



==============================================================================

Memory Map of the image

  Image entry point : Not specified.

  Load Region LR_IROM1 (Base: 0x08000000, Size: 0x00000314, Max: 0x00080000, ABSOLUTE)

    Execution Region ER_IROM1 (Exec base: 0x20000000, Load base: 0x08000000, Size: 0x00000310, Max: 0xffffffff, ABSOLUTE)

    Exec Addr    Load Addr    Size         Type   Attr      Idx    E Section Name        Object

    0x20000000   0x08000000   0x00000008   Data   RO           39    RESET               start.o
    0x20000008   0x08000008   0x00000010   Code   RO           40    .text               start.o
    0x20000018   0x08000018   0x00000064   Code   RO          110    .text               c_w.l(rt_memcpy_w.o)
    0x2000007c   0x0800007c   0x0000004e   Code   RO          112    .text               c_w.l(rt_memclr_w.o)
    0x200000ca   0x080000ca   0x00000002   PAD
    0x200000cc   0x080000cc   0x00000040   Code   RO            1    i.SystemInit        main.o
    0x2000010c   0x0800010c   0x00000012   Code   RO            2    i.delay             main.o
    0x2000011e   0x0800011e   0x00000002   PAD
    0x20000120   0x08000120   0x00000018   Code   RO           45    i.getchar           uart.o
    0x20000138   0x08000138   0x0000001a   Code   RO           72    i.memcpy            string.o
    0x20000152   0x08000152   0x00000014   Code   RO           73    i.memset            string.o
    0x20000166   0x08000166   0x00000002   PAD
    0x20000168   0x08000168   0x000000c0   Code   RO            3    i.mymain            main.o
    0x20000228   0x08000228   0x00000020   Code   RO           74    i.put_s_hex         string.o
    0x20000248   0x08000248   0x00000018   Code   RO           46    i.putchar           uart.o
    0x20000260   0x08000260   0x00000044   Code   RO           75    i.puthex            string.o
    0x200002a4   0x080002a4   0x00000016   Code   RO           76    i.puts              string.o
    0x200002ba   0x080002ba   0x00000002   PAD
    0x200002bc   0x080002bc   0x00000050   Code   RO           47    i.uart_init         uart.o
    0x2000030c   0x0800030c   0x00000001   Data   RO            5    .constdata          main.o


    Execution Region RW_IRAM1 (Exec base: 0x20000310, Load base: 0x08000310, Size: 0x000000c4, Max: 0xffffffff, ABSOLUTE)

    Exec Addr    Load Addr    Size         Type   Attr      Idx    E Section Name        Object

    0x20000310   0x08000310   0x00000001   Data   RW            6    .data               main.o
    0x20000311   0x08000311   0x00000003   PAD
    0x20000314        -       0x000000c0   Zero   RW            4    .bss                main.o


==============================================================================

Image component sizes


      Code (inc. data)   RO Data    RW Data    ZI Data      Debug   Object Name

       274        132          1          1        192       4234   main.o
        16          4          8          0          0        384   start.o
       168         12          0          0          0       2946   string.o
       128         24          0          0          0       2064   uart.o

    ----------------------------------------------------------------------
       592        172         12          4        192       9628   Object Totals
         0          0          0          0          0          0   (incl. Generated)
         6          0          3          3          0          0   (incl. Padding)

    ----------------------------------------------------------------------

      Code (inc. data)   RO Data    RW Data    ZI Data      Debug   Library Member Name

        78          0          0          0          0         80   rt_memclr_w.o
       100          0          0          0          0         80   rt_memcpy_w.o

    ----------------------------------------------------------------------
       180          0          0          0          0        160   Library Totals
         2          0          0          0          0          0   (incl. Padding)

    ----------------------------------------------------------------------

      Code (inc. data)   RO Data    RW Data    ZI Data      Debug   Library Name

       178          0          0          0          0        160   c_w.l

    ----------------------------------------------------------------------
       180          0          0          0          0        160   Library Totals

    ----------------------------------------------------------------------

==============================================================================


      Code (inc. data)   RO Data    RW Data    ZI Data      Debug   

       772        172         12          4        192       9268   Grand Totals
       772        172         12          4        192       9268   ELF Image Totals
       772        172         12          4          0          0   ROM Totals

==============================================================================

    Total RO  Size (Code + RO Data)                  784 (   0.77kB)
    Total RW  Size (RW Data + ZI Data)               196 (   0.19kB)
    Total ROM Size (Code + RO Data + RW Data)        788 (   0.77kB)

==============================================================================

