Component: ARM Compiler 5.06 update 7 (build 960) Tool: armlink [4d3601]

==============================================================================

Section Cross References

    main.o(i.SystemInit) refers to string.o(i.memcpy) for memcpy
    main.o(i.SystemInit) refers to string.o(i.memset) for memset
    main.o(i.mymain) refers to key.o(i.KeyInit) for KeyInit
    main.o(i.mymain) refers to exti.o(i.ExtiInit) for ExtiInit
    main.o(i.mymain) refers to nvic.o(i.NvicInit) for NvicInit
    main.o(i.mymain) refers to uart.o(i.getchar) for getchar
    main.o(i.mymain) refers to uart.o(i.putchar) for putchar
    main.o(i.mymain) refers to string.o(i.put_s_hex) for put_s_hex
    main.o(i.mymain) refers to main.o(.data) for g_char1
    main.o(i.mymain) refers to main.o(.constdata) for g_char2
    main.o(i.mymain) refers to main.o(.bss) for g_A
    start.o(RESET) refers to start.o(.text) for Reset_Handler
    start.o(RESET) refers to exception.o(i.HardFault_Handler) for HardFault_Handler
    start.o(RESET) refers to exception.o(i.SVC_Handler) for SVC_Handler
    start.o(RESET) refers to systick.o(i.SysTick_Handler) for SysTick_Handler
    start.o(RESET) refers to key.o(i.EXTI3_IRQHandler) for EXTI3_IRQHandler
    start.o(.text) refers to main.o(i.SystemInit) for SystemInit
    start.o(.text) refers to uart.o(i.uart_init) for uart_init
    start.o(.text) refers to exception.o(i.UsageFaultInit) for UsageFaultInit
    start.o(.text) refers to systick.o(i.SysTickInit) for SysTickInit
    start.o(.text) refers to exception.o(i.UsageFault_Handler) for UsageFault_Handler
    start.o(.text) refers to main.o(i.mymain) for mymain
    string.o(i.put_s_hex) refers to string.o(i.puts) for puts
    string.o(i.put_s_hex) refers to string.o(i.puthex) for puthex
    string.o(i.puthex) refers to string.o(i.puts) for puts
    string.o(i.puthex) refers to uart.o(i.putchar) for putchar
    string.o(i.puts) refers to uart.o(i.putchar) for putchar
    exception.o(i.HardFault_Handler) refers to string.o(i.puts) for puts
    exception.o(i.SVC_Handler) refers to string.o(i.puts) for puts
    exception.o(i.UsageFault_Handler) refers to string.o(i.puts) for puts
    exception.o(i.UsageFault_Handler) refers to string.o(i.put_s_hex) for put_s_hex
    systick.o(i.SysTick_Handler) refers to string.o(i.put_s_hex) for put_s_hex
    systick.o(i.SysTick_Handler) refers to systick.o(.data) for cnt
    key.o(i.EXTI3_IRQHandler) refers to string.o(i.puts) for puts
    key.o(i.EXTI3_IRQHandler) refers to exti.o(i.ExtiClear) for ExtiClear
    key.o(i.EXTI3_IRQHandler) refers to nvic.o(i.NvicClear) for NvicClear


==============================================================================

Image Symbol Table

    Local Symbols

    Symbol Name                              Value     Ov Type        Size  Object(Section)

    exception.c                              0x00000000   Number         0  exception.o ABSOLUTE
    exti.c                                   0x00000000   Number         0  exti.o ABSOLUTE
    key.c                                    0x00000000   Number         0  key.o ABSOLUTE
    main.c                                   0x00000000   Number         0  main.o ABSOLUTE
    nvic.c                                   0x00000000   Number         0  nvic.o ABSOLUTE
    start.s                                  0x00000000   Number         0  start.o ABSOLUTE
    string.c                                 0x00000000   Number         0  string.o ABSOLUTE
    systick.c                                0x00000000   Number         0  systick.o ABSOLUTE
    uart.c                                   0x00000000   Number         0  uart.o ABSOLUTE
    RESET                                    0x08000000   Section      104  start.o(RESET)
    .text                                    0x08000068   Section       64  start.o(.text)
    UsageFault_Handler_asm                   0x0800009d   Thumb Code     6  start.o(.text)
    i.EXTI3_IRQHandler                       0x080000a8   Section        0  key.o(i.EXTI3_IRQHandler)
    i.ExtiClear                              0x080000f4   Section        0  exti.o(i.ExtiClear)
    i.ExtiInit                               0x08000108   Section        0  exti.o(i.ExtiInit)
    i.HardFault_Handler                      0x08000128   Section        0  exception.o(i.HardFault_Handler)
    i.KeyInit                                0x08000148   Section        0  key.o(i.KeyInit)
    i.NvicClear                              0x08000198   Section        0  nvic.o(i.NvicClear)
    i.NvicInit                               0x080001b4   Section        0  nvic.o(i.NvicInit)
    i.SVC_Handler                            0x080001c4   Section        0  exception.o(i.SVC_Handler)
    i.SysTickInit                            0x080001e8   Section        0  systick.o(i.SysTickInit)
    i.SysTick_Handler                        0x08000214   Section        0  systick.o(i.SysTick_Handler)
    i.SystemInit                             0x0800024c   Section        0  main.o(i.SystemInit)
    i.UsageFaultInit                         0x08000298   Section        0  exception.o(i.UsageFaultInit)
    i.UsageFault_Handler                     0x080002a8   Section        0  exception.o(i.UsageFault_Handler)
    i.delay                                  0x08000368   Section        0  main.o(i.delay)
    i.getchar                                0x0800037c   Section        0  uart.o(i.getchar)
    i.memcpy                                 0x08000394   Section        0  string.o(i.memcpy)
    i.memset                                 0x080003ae   Section        0  string.o(i.memset)
    i.mymain                                 0x080003c4   Section        0  main.o(i.mymain)
    i.put_s_hex                              0x0800048c   Section        0  string.o(i.put_s_hex)
    i.putchar                                0x080004ac   Section        0  uart.o(i.putchar)
    i.puthex                                 0x080004c4   Section        0  string.o(i.puthex)
    i.puts                                   0x08000508   Section        0  string.o(i.puts)
    i.uart_init                              0x08000520   Section        0  uart.o(i.uart_init)
    .constdata                               0x08000570   Section        1  main.o(.constdata)
    .data                                    0x20000000   Section        1  main.o(.data)
    .data                                    0x20000004   Section        4  systick.o(.data)
    cnt                                      0x20000004   Data           4  systick.o(.data)
    .bss                                     0x20000008   Section      192  main.o(.bss)
    s_C                                      0x20000088   Data          64  main.o(.bss)

    Global Symbols

    Symbol Name                              Value     Ov Type        Size  Object(Section)

    BuildAttributes$$THM_ISAv4$P$D$K$B$S$PE$A:L22UL41UL21$X:L11$S22US41US21$IEEE1$IW$USESV6$~STKCKD$USESV7$~SHL$OSPACE$EBA8$STANDARDLIB$REQ8$PRES8$EABIv2 0x00000000   Number         0  anon$$obj.o ABSOLUTE
    Image$$RW_IRAM1$$Length                  0x00000008   Number         0  anon$$obj.o ABSOLUTE
    Image$$RW_IRAM1$$ZI$$Length              0x000000c0   Number         0  anon$$obj.o ABSOLUTE
    Image$$ER_IROM1$$Length                  0x00000574   Number         0  anon$$obj.o ABSOLUTE
    Image$$ER_IROM1$$Base                    0x08000000   Number         0  anon$$obj.o ABSOLUTE
    Load$$ER_IROM1$$Base                     0x08000000   Number         0  anon$$obj.o ABSOLUTE
    __Vectors                                0x08000000   Data           4  start.o(RESET)
    Reset_Handler                            0x08000069   Thumb Code    52  start.o(.text)
    EXTI3_IRQHandler                         0x080000a9   Thumb Code    40  key.o(i.EXTI3_IRQHandler)
    ExtiClear                                0x080000f5   Thumb Code    14  exti.o(i.ExtiClear)
    ExtiInit                                 0x08000109   Thumb Code    28  exti.o(i.ExtiInit)
    HardFault_Handler                        0x08000129   Thumb Code    10  exception.o(i.HardFault_Handler)
    KeyInit                                  0x08000149   Thumb Code    68  key.o(i.KeyInit)
    NvicClear                                0x08000199   Thumb Code    22  nvic.o(i.NvicClear)
    NvicInit                                 0x080001b5   Thumb Code    12  nvic.o(i.NvicInit)
    SVC_Handler                              0x080001c5   Thumb Code    16  exception.o(i.SVC_Handler)
    SysTickInit                              0x080001e9   Thumb Code    34  systick.o(i.SysTickInit)
    SysTick_Handler                          0x08000215   Thumb Code    32  systick.o(i.SysTick_Handler)
    SystemInit                               0x0800024d   Thumb Code    42  main.o(i.SystemInit)
    UsageFaultInit                           0x08000299   Thumb Code    12  exception.o(i.UsageFaultInit)
    UsageFault_Handler                       0x080002a9   Thumb Code    94  exception.o(i.UsageFault_Handler)
    delay                                    0x08000369   Thumb Code    18  main.o(i.delay)
    getchar                                  0x0800037d   Thumb Code    18  uart.o(i.getchar)
    memcpy                                   0x08000395   Thumb Code    26  string.o(i.memcpy)
    memset                                   0x080003af   Thumb Code    20  string.o(i.memset)
    mymain                                   0x080003c5   Thumb Code   100  main.o(i.mymain)
    put_s_hex                                0x0800048d   Thumb Code    26  string.o(i.put_s_hex)
    putchar                                  0x080004ad   Thumb Code    18  uart.o(i.putchar)
    puthex                                   0x080004c5   Thumb Code    62  string.o(i.puthex)
    puts                                     0x08000509   Thumb Code    22  string.o(i.puts)
    uart_init                                0x08000521   Thumb Code    68  uart.o(i.uart_init)
    g_char2                                  0x08000570   Data           1  main.o(.constdata)
    Load$$RW_IRAM1$$Base                     0x08000574   Number         0  anon$$obj.o ABSOLUTE
    Image$$RW_IRAM1$$Base                    0x20000000   Number         0  anon$$obj.o ABSOLUTE
    g_char1                                  0x20000000   Data           1  main.o(.data)
    Image$$RW_IRAM1$$ZI$$Base                0x20000008   Number         0  anon$$obj.o ABSOLUTE
    g_A                                      0x20000008   Data          64  main.o(.bss)
    g_B                                      0x20000048   Data          64  main.o(.bss)



==============================================================================

Memory Map of the image

  Image entry point : Not specified.

  Load Region LR_IROM1 (Base: 0x08000000, Size: 0x0000057c, Max: 0x00080000, ABSOLUTE)

    Execution Region ER_IROM1 (Exec base: 0x08000000, Load base: 0x08000000, Size: 0x00000574, Max: 0xffffffff, ABSOLUTE)

    Exec Addr    Load Addr    Size         Type   Attr      Idx    E Section Name        Object

    0x08000000   0x08000000   0x00000068   Data   RO           48    RESET               start.o
    0x08000068   0x08000068   0x00000040   Code   RO           49    .text               start.o
    0x080000a8   0x080000a8   0x0000004c   Code   RO          169    i.EXTI3_IRQHandler  key.o
    0x080000f4   0x080000f4   0x00000014   Code   RO          187    i.ExtiClear         exti.o
    0x08000108   0x08000108   0x00000020   Code   RO          188    i.ExtiInit          exti.o
    0x08000128   0x08000128   0x00000020   Code   RO          114    i.HardFault_Handler  exception.o
    0x08000148   0x08000148   0x00000050   Code   RO          170    i.KeyInit           key.o
    0x08000198   0x08000198   0x0000001c   Code   RO          205    i.NvicClear         nvic.o
    0x080001b4   0x080001b4   0x00000010   Code   RO          206    i.NvicInit          nvic.o
    0x080001c4   0x080001c4   0x00000024   Code   RO          115    i.SVC_Handler       exception.o
    0x080001e8   0x080001e8   0x0000002c   Code   RO          147    i.SysTickInit       systick.o
    0x08000214   0x08000214   0x00000038   Code   RO          148    i.SysTick_Handler   systick.o
    0x0800024c   0x0800024c   0x0000004c   Code   RO            1    i.SystemInit        main.o
    0x08000298   0x08000298   0x00000010   Code   RO          116    i.UsageFaultInit    exception.o
    0x080002a8   0x080002a8   0x000000c0   Code   RO          117    i.UsageFault_Handler  exception.o
    0x08000368   0x08000368   0x00000012   Code   RO            2    i.delay             main.o
    0x0800037a   0x0800037a   0x00000002   PAD
    0x0800037c   0x0800037c   0x00000018   Code   RO           54    i.getchar           uart.o
    0x08000394   0x08000394   0x0000001a   Code   RO           78    i.memcpy            string.o
    0x080003ae   0x080003ae   0x00000014   Code   RO           79    i.memset            string.o
    0x080003c2   0x080003c2   0x00000002   PAD
    0x080003c4   0x080003c4   0x000000c8   Code   RO            3    i.mymain            main.o
    0x0800048c   0x0800048c   0x00000020   Code   RO           80    i.put_s_hex         string.o
    0x080004ac   0x080004ac   0x00000018   Code   RO           55    i.putchar           uart.o
    0x080004c4   0x080004c4   0x00000044   Code   RO           81    i.puthex            string.o
    0x08000508   0x08000508   0x00000016   Code   RO           82    i.puts              string.o
    0x0800051e   0x0800051e   0x00000002   PAD
    0x08000520   0x08000520   0x00000050   Code   RO           56    i.uart_init         uart.o
    0x08000570   0x08000570   0x00000001   Data   RO            5    .constdata          main.o


    Execution Region RW_IRAM1 (Exec base: 0x20000000, Load base: 0x08000574, Size: 0x000000c8, Max: 0xffffffff, ABSOLUTE)

    Exec Addr    Load Addr    Size         Type   Attr      Idx    E Section Name        Object

    0x20000000   0x08000574   0x00000001   Data   RW            6    .data               main.o
    0x20000001   0x08000575   0x00000003   PAD
    0x20000004   0x08000578   0x00000004   Data   RW          149    .data               systick.o
    0x20000008        -       0x000000c0   Zero   RW            4    .bss                main.o


==============================================================================

Image component sizes


      Code (inc. data)   RO Data    RW Data    ZI Data      Debug   Object Name

       276        144          0          0          0       9964   exception.o
        52         10          0          0          0       1331   exti.o
       156         48          0          0          0       1485   key.o
       294        134          1          1        192       5702   main.o
        44         10          0          0          0       1347   nvic.o
        64         10        104          0          0        460   start.o
       168         12          0          0          0       2966   string.o
       100         34          0          4          0       1896   systick.o
       128         24          0          0          0       2080   uart.o

    ----------------------------------------------------------------------
      1288        426        108          8        192      27231   Object Totals
         0          0          0          0          0          0   (incl. Generated)
         6          0          3          3          0          0   (incl. Padding)

    ----------------------------------------------------------------------
         0          0          0          0          0          0   Library Totals
         0          0          0          0          0          0   (incl. Padding)

    ----------------------------------------------------------------------

==============================================================================


      Code (inc. data)   RO Data    RW Data    ZI Data      Debug   

      1288        426        108          8        192      26191   Grand Totals
      1288        426        108          8        192      26191   ELF Image Totals
      1288        426        108          8          0          0   ROM Totals

==============================================================================

    Total RO  Size (Code + RO Data)                 1396 (   1.36kB)
    Total RW  Size (RW Data + ZI Data)               200 (   0.20kB)
    Total ROM Size (Code + RO Data + RW Data)       1404 (   1.37kB)

==============================================================================

