Component: ARM Compiler 5.06 update 7 (build 960) Tool: armlink [4d3601]

==============================================================================

Section Cross References

    main.o(i.SystemInit) refers to rt_memcpy_w.o(.text) for __aeabi_memcpy4
    main.o(i.SystemInit) refers to rt_memclr_w.o(.text) for __aeabi_memclr4
    main.o(i.mymain) refers to uart.o(i.getchar) for getchar
    main.o(i.mymain) refers to uart.o(i.putchar) for putchar
    main.o(i.mymain) refers to string.o(i.put_s_hex) for put_s_hex
    main.o(i.mymain) refers to main.o(.data) for g_char1
    main.o(i.mymain) refers to main.o(.constdata) for g_char2
    main.o(i.mymain) refers to main.o(.bss) for g_A
    start.o(RESET) refers to start.o(.text) for Reset_Handler
    start.o(RESET) refers to exception.o(i.HardFault_Handler) for HardFault_Handler
    start.o(RESET) refers to exception.o(i.SVC_Handler) for SVC_Handler
    start.o(RESET) refers to systick.o(i.SysTick_Handler) for SysTick_Handler
    start.o(.text) refers to main.o(i.SystemInit) for SystemInit
    start.o(.text) refers to uart.o(i.uart_init) for uart_init
    start.o(.text) refers to exception.o(i.UsageFaultInit) for UsageFaultInit
    start.o(.text) refers to systick.o(i.SysTickInit) for SysTickInit
    start.o(.text) refers to main.o(i.mymain) for mymain
    start.o(.text) refers to exception.o(i.UsageFault_Handler) for UsageFault_Handler
    string.o(i.put_s_hex) refers to string.o(i.puts) for puts
    string.o(i.put_s_hex) refers to string.o(i.puthex) for puthex
    string.o(i.puthex) refers to string.o(i.puts) for puts
    string.o(i.puthex) refers to uart.o(i.putchar) for putchar
    string.o(i.puts) refers to uart.o(i.putchar) for putchar
    exception.o(i.HardFault_Handler) refers to string.o(i.puts) for puts
    exception.o(i.SVC_Handler) refers to string.o(i.puts) for puts
    exception.o(i.UsageFault_Handler) refers to string.o(i.puts) for puts
    exception.o(i.UsageFault_Handler) refers to string.o(i.put_s_hex) for put_s_hex
    systick.o(i.SysTick_Handler) refers to string.o(i.put_s_hex) for put_s_hex
    systick.o(i.SysTick_Handler) refers to systick.o(.data) for cnt


==============================================================================

Image Symbol Table

    Local Symbols

    Symbol Name                              Value     Ov Type        Size  Object(Section)

    ../clib/memcpset.s                       0x00000000   Number         0  rt_memcpy_w.o ABSOLUTE
    ../clib/memcpset.s                       0x00000000   Number         0  rt_memclr_w.o ABSOLUTE
    dc.s                                     0x00000000   Number         0  dc.o ABSOLUTE
    exception.c                              0x00000000   Number         0  exception.o ABSOLUTE
    main.c                                   0x00000000   Number         0  main.o ABSOLUTE
    start.s                                  0x00000000   Number         0  start.o ABSOLUTE
    string.c                                 0x00000000   Number         0  string.o ABSOLUTE
    systick.c                                0x00000000   Number         0  systick.o ABSOLUTE
    uart.c                                   0x00000000   Number         0  uart.o ABSOLUTE
    RESET                                    0x08000000   Section       64  start.o(RESET)
    .text                                    0x08000040   Section       64  start.o(.text)
    UsageFault_Handler_asm                   0x08000077   Thumb Code     6  start.o(.text)
    .text                                    0x08000080   Section      100  rt_memcpy_w.o(.text)
    .text                                    0x080000e4   Section       78  rt_memclr_w.o(.text)
    i.HardFault_Handler                      0x08000134   Section        0  exception.o(i.HardFault_Handler)
    i.SVC_Handler                            0x08000154   Section        0  exception.o(i.SVC_Handler)
    i.SysTickInit                            0x08000178   Section        0  systick.o(i.SysTickInit)
    i.SysTick_Handler                        0x080001a4   Section        0  systick.o(i.SysTick_Handler)
    i.SystemInit                             0x080001dc   Section        0  main.o(i.SystemInit)
    i.UsageFaultInit                         0x08000224   Section        0  exception.o(i.UsageFaultInit)
    i.UsageFault_Handler                     0x08000234   Section        0  exception.o(i.UsageFault_Handler)
    i.delay                                  0x080002f4   Section        0  main.o(i.delay)
    i.getchar                                0x08000308   Section        0  uart.o(i.getchar)
    i.memcpy                                 0x08000320   Section        0  string.o(i.memcpy)
    i.memset                                 0x0800033a   Section        0  string.o(i.memset)
    i.mymain                                 0x08000350   Section        0  main.o(i.mymain)
    i.put_s_hex                              0x0800040c   Section        0  string.o(i.put_s_hex)
    i.putchar                                0x0800042c   Section        0  uart.o(i.putchar)
    i.puthex                                 0x08000444   Section        0  string.o(i.puthex)
    i.puts                                   0x08000488   Section        0  string.o(i.puts)
    i.uart_init                              0x080004a0   Section        0  uart.o(i.uart_init)
    .constdata                               0x080004f0   Section        1  main.o(.constdata)
    .data                                    0x20000000   Section        1  main.o(.data)
    .data                                    0x20000004   Section        4  systick.o(.data)
    cnt                                      0x20000004   Data           4  systick.o(.data)
    .bss                                     0x20000008   Section      192  main.o(.bss)
    s_C                                      0x20000088   Data          64  main.o(.bss)

    Global Symbols

    Symbol Name                              Value     Ov Type        Size  Object(Section)

    BuildAttributes$$THM_ISAv4$P$D$K$B$S$PE$A:L22UL41UL21$X:L11$S22US41US21$IEEE1$IW$USESV6$~STKCKD$USESV7$~SHL$OSPACE$ROPI$EBA8$STANDARDLIB$REQ8$PRES8$EABIv2 0x00000000   Number         0  anon$$obj.o ABSOLUTE
    Image$$RW_IRAM1$$Length                  0x00000008   Number         0  anon$$obj.o ABSOLUTE
    Image$$RW_IRAM1$$ZI$$Length              0x000000c0   Number         0  anon$$obj.o ABSOLUTE
    Image$$ER_IROM1$$Length                  0x000004f4   Number         0  anon$$obj.o ABSOLUTE
    Image$$ER_IROM1$$Base                    0x08000000   Number         0  anon$$obj.o ABSOLUTE
    Load$$ER_IROM1$$Base                     0x08000000   Number         0  anon$$obj.o ABSOLUTE
    __Vectors                                0x08000000   Data           4  start.o(RESET)
    Reset_Handler                            0x08000041   Thumb Code    54  start.o(.text)
    __aeabi_memcpy4                          0x08000081   Thumb Code     0  rt_memcpy_w.o(.text)
    __aeabi_memcpy8                          0x08000081   Thumb Code     0  rt_memcpy_w.o(.text)
    __rt_memcpy_w                            0x08000081   Thumb Code   100  rt_memcpy_w.o(.text)
    _memcpy_lastbytes_aligned                0x080000c9   Thumb Code     0  rt_memcpy_w.o(.text)
    __aeabi_memclr4                          0x080000e5   Thumb Code     0  rt_memclr_w.o(.text)
    __aeabi_memclr8                          0x080000e5   Thumb Code     0  rt_memclr_w.o(.text)
    __rt_memclr_w                            0x080000e5   Thumb Code    78  rt_memclr_w.o(.text)
    _memset_w                                0x080000e9   Thumb Code     0  rt_memclr_w.o(.text)
    HardFault_Handler                        0x08000135   Thumb Code    10  exception.o(i.HardFault_Handler)
    SVC_Handler                              0x08000155   Thumb Code    16  exception.o(i.SVC_Handler)
    SysTickInit                              0x08000179   Thumb Code    34  systick.o(i.SysTickInit)
    SysTick_Handler                          0x080001a5   Thumb Code    32  systick.o(i.SysTick_Handler)
    SystemInit                               0x080001dd   Thumb Code    40  main.o(i.SystemInit)
    UsageFaultInit                           0x08000225   Thumb Code    12  exception.o(i.UsageFaultInit)
    UsageFault_Handler                       0x08000235   Thumb Code    94  exception.o(i.UsageFault_Handler)
    delay                                    0x080002f5   Thumb Code    18  main.o(i.delay)
    getchar                                  0x08000309   Thumb Code    18  uart.o(i.getchar)
    memcpy                                   0x08000321   Thumb Code    26  string.o(i.memcpy)
    memset                                   0x0800033b   Thumb Code    20  string.o(i.memset)
    mymain                                   0x08000351   Thumb Code    88  main.o(i.mymain)
    put_s_hex                                0x0800040d   Thumb Code    26  string.o(i.put_s_hex)
    putchar                                  0x0800042d   Thumb Code    18  uart.o(i.putchar)
    puthex                                   0x08000445   Thumb Code    62  string.o(i.puthex)
    puts                                     0x08000489   Thumb Code    22  string.o(i.puts)
    uart_init                                0x080004a1   Thumb Code    68  uart.o(i.uart_init)
    g_char2                                  0x080004f0   Data           1  main.o(.constdata)
    Load$$RW_IRAM1$$Base                     0x080004f4   Number         0  anon$$obj.o ABSOLUTE
    Image$$RW_IRAM1$$Base                    0x20000000   Number         0  anon$$obj.o ABSOLUTE
    g_char1                                  0x20000000   Data           1  main.o(.data)
    Image$$RW_IRAM1$$ZI$$Base                0x20000008   Number         0  anon$$obj.o ABSOLUTE
    g_A                                      0x20000008   Data          64  main.o(.bss)
    g_B                                      0x20000048   Data          64  main.o(.bss)



==============================================================================

Memory Map of the image

  Image entry point : Not specified.

  Load Region LR_IROM1 (Base: 0x08000000, Size: 0x000004fc, Max: 0x00080000, ABSOLUTE)

    Execution Region ER_IROM1 (Exec base: 0x08000000, Load base: 0x08000000, Size: 0x000004f4, Max: 0xffffffff, ABSOLUTE)

    Exec Addr    Load Addr    Size         Type   Attr      Idx    E Section Name        Object

    0x08000000   0x08000000   0x00000040   Data   RO           39    RESET               start.o
    0x08000040   0x08000040   0x00000040   Code   RO           40    .text               start.o
    0x08000080   0x08000080   0x00000064   Code   RO          162    .text               c_w.l(rt_memcpy_w.o)
    0x080000e4   0x080000e4   0x0000004e   Code   RO          164    .text               c_w.l(rt_memclr_w.o)
    0x08000132   0x08000132   0x00000002   PAD
    0x08000134   0x08000134   0x00000020   Code   RO          105    i.HardFault_Handler  exception.o
    0x08000154   0x08000154   0x00000024   Code   RO          106    i.SVC_Handler       exception.o
    0x08000178   0x08000178   0x0000002c   Code   RO          138    i.SysTickInit       systick.o
    0x080001a4   0x080001a4   0x00000038   Code   RO          139    i.SysTick_Handler   systick.o
    0x080001dc   0x080001dc   0x00000048   Code   RO            1    i.SystemInit        main.o
    0x08000224   0x08000224   0x00000010   Code   RO          107    i.UsageFaultInit    exception.o
    0x08000234   0x08000234   0x000000c0   Code   RO          108    i.UsageFault_Handler  exception.o
    0x080002f4   0x080002f4   0x00000012   Code   RO            2    i.delay             main.o
    0x08000306   0x08000306   0x00000002   PAD
    0x08000308   0x08000308   0x00000018   Code   RO           45    i.getchar           uart.o
    0x08000320   0x08000320   0x0000001a   Code   RO           69    i.memcpy            string.o
    0x0800033a   0x0800033a   0x00000014   Code   RO           70    i.memset            string.o
    0x0800034e   0x0800034e   0x00000002   PAD
    0x08000350   0x08000350   0x000000bc   Code   RO            3    i.mymain            main.o
    0x0800040c   0x0800040c   0x00000020   Code   RO           71    i.put_s_hex         string.o
    0x0800042c   0x0800042c   0x00000018   Code   RO           46    i.putchar           uart.o
    0x08000444   0x08000444   0x00000044   Code   RO           72    i.puthex            string.o
    0x08000488   0x08000488   0x00000016   Code   RO           73    i.puts              string.o
    0x0800049e   0x0800049e   0x00000002   PAD
    0x080004a0   0x080004a0   0x00000050   Code   RO           47    i.uart_init         uart.o
    0x080004f0   0x080004f0   0x00000001   Data   RO            5    .constdata          main.o


    Execution Region RW_IRAM1 (Exec base: 0x20000000, Load base: 0x080004f4, Size: 0x000000c8, Max: 0xffffffff, ABSOLUTE)

    Exec Addr    Load Addr    Size         Type   Attr      Idx    E Section Name        Object

    0x20000000   0x080004f4   0x00000001   Data   RW            6    .data               main.o
    0x20000001   0x080004f5   0x00000003   PAD
    0x20000004   0x080004f8   0x00000004   Data   RW          140    .data               systick.o
    0x20000008        -       0x000000c0   Zero   RW            4    .bss                main.o


==============================================================================

Image component sizes


      Code (inc. data)   RO Data    RW Data    ZI Data      Debug   Object Name

       276        144          0          0          0       9956   exception.o
       278        132          1          1        192       4234   main.o
        64          8         64          0          0        456   start.o
       168         12          0          0          0       2958   string.o
       100         34          0          4          0       1888   systick.o
       128         24          0          0          0       2076   uart.o

    ----------------------------------------------------------------------
      1020        354         68          8        192      21568   Object Totals
         0          0          0          0          0          0   (incl. Generated)
         6          0          3          3          0          0   (incl. Padding)

    ----------------------------------------------------------------------

      Code (inc. data)   RO Data    RW Data    ZI Data      Debug   Library Member Name

        78          0          0          0          0         80   rt_memclr_w.o
       100          0          0          0          0         80   rt_memcpy_w.o

    ----------------------------------------------------------------------
       180          0          0          0          0        160   Library Totals
         2          0          0          0          0          0   (incl. Padding)

    ----------------------------------------------------------------------

      Code (inc. data)   RO Data    RW Data    ZI Data      Debug   Library Name

       178          0          0          0          0        160   c_w.l

    ----------------------------------------------------------------------
       180          0          0          0          0        160   Library Totals

    ----------------------------------------------------------------------

==============================================================================


      Code (inc. data)   RO Data    RW Data    ZI Data      Debug   

      1200        354         68          8        192      20896   Grand Totals
      1200        354         68          8        192      20896   ELF Image Totals
      1200        354         68          8          0          0   ROM Totals

==============================================================================

    Total RO  Size (Code + RO Data)                 1268 (   1.24kB)
    Total RW  Size (RW Data + ZI Data)               200 (   0.20kB)
    Total ROM Size (Code + RO Data + RW Data)       1276 (   1.25kB)

==============================================================================

