Component: ARM Compiler 5.06 update 7 (build 960) Tool: armlink [4d3601]

==============================================================================

Section Cross References

    main.o(i.mymain) refers to uart.o(i.uart_init) for uart_init
    main.o(i.mymain) refers to uart.o(i.getchar) for getchar
    main.o(i.mymain) refers to uart.o(i.putchar) for putchar
    main.o(i.mymain) refers to string.o(i.put_s_hex) for put_s_hex
    main.o(i.mymain) refers to main.o(.data) for g_char1
    main.o(i.mymain) refers to main.o(.constdata) for g_char2
    main.o(i.mymain) refers to main.o(.bss) for g_A
    start.o(.text) refers to string.o(i.memcpy) for memcpy
    start.o(.text) refers to string.o(i.memset) for memset
    start.o(.text) refers to main.o(i.mymain) for mymain
    string.o(i.put_s_hex) refers to string.o(i.puts) for puts
    string.o(i.put_s_hex) refers to string.o(i.puthex) for puthex
    string.o(i.puthex) refers to string.o(i.puts) for puts
    string.o(i.puthex) refers to uart.o(i.putchar) for putchar
    string.o(i.puts) refers to uart.o(i.putchar) for putchar


==============================================================================

Image Symbol Table

    Local Symbols

    Symbol Name                              Value     Ov Type        Size  Object(Section)

    main.c                                   0x00000000   Number         0  main.o ABSOLUTE
    start.s                                  0x00000000   Number         0  start.o ABSOLUTE
    string.c                                 0x00000000   Number         0  string.o ABSOLUTE
    uart.c                                   0x00000000   Number         0  uart.o ABSOLUTE
    RESET                                    0x20000000   Section        8  start.o(RESET)
    .text                                    0x20000008   Section       76  start.o(.text)
    i.delay                                  0x20000054   Section        0  main.o(i.delay)
    i.getchar                                0x20000068   Section        0  uart.o(i.getchar)
    i.memcpy                                 0x20000080   Section        0  string.o(i.memcpy)
    i.memset                                 0x2000009a   Section        0  string.o(i.memset)
    i.mymain                                 0x200000b0   Section        0  main.o(i.mymain)
    i.put_s_hex                              0x20000170   Section        0  string.o(i.put_s_hex)
    i.putchar                                0x20000190   Section        0  uart.o(i.putchar)
    i.puthex                                 0x200001a8   Section        0  string.o(i.puthex)
    i.puts                                   0x200001ec   Section        0  string.o(i.puts)
    i.uart_init                              0x20000204   Section        0  uart.o(i.uart_init)
    .constdata                               0x20000254   Section        1  main.o(.constdata)
    .data                                    0x20000258   Section        1  main.o(.data)
    .bss                                     0x2000025c   Section      192  main.o(.bss)
    s_C                                      0x200002dc   Data          64  main.o(.bss)

    Global Symbols

    Symbol Name                              Value     Ov Type        Size  Object(Section)

    BuildAttributes$$THM_ISAv4$P$D$K$B$S$PE$A:L22UL41UL21$X:L11$S22US41US21$IEEE1$IW$USESV6$~STKCKD$USESV7$~SHL$OSPACE$EBA8$STANDARDLIB$REQ8$PRES8$EABIv2 0x00000000   Number         0  anon$$obj.o ABSOLUTE
    Image$$RW_IRAM1$$Length                  0x00000004   Number         0  anon$$obj.o ABSOLUTE
    Image$$RW_IRAM1$$ZI$$Length              0x000000c0   Number         0  anon$$obj.o ABSOLUTE
    Image$$ER_IROM1$$Length                  0x00000258   Number         0  anon$$obj.o ABSOLUTE
    Load$$ER_IROM1$$Base                     0x08000000   Number         0  anon$$obj.o ABSOLUTE
    Load$$RW_IRAM1$$Base                     0x08000258   Number         0  anon$$obj.o ABSOLUTE
    Image$$ER_IROM1$$Base                    0x20000000   Number         0  anon$$obj.o ABSOLUTE
    __Vectors                                0x20000000   Data           4  start.o(RESET)
    Reset_Handler                            0x20000009   Thumb Code    40  start.o(.text)
    delay                                    0x20000055   Thumb Code    18  main.o(i.delay)
    getchar                                  0x20000069   Thumb Code    18  uart.o(i.getchar)
    memcpy                                   0x20000081   Thumb Code    26  string.o(i.memcpy)
    memset                                   0x2000009b   Thumb Code    20  string.o(i.memset)
    mymain                                   0x200000b1   Thumb Code    92  main.o(i.mymain)
    put_s_hex                                0x20000171   Thumb Code    26  string.o(i.put_s_hex)
    putchar                                  0x20000191   Thumb Code    18  uart.o(i.putchar)
    puthex                                   0x200001a9   Thumb Code    62  string.o(i.puthex)
    puts                                     0x200001ed   Thumb Code    22  string.o(i.puts)
    uart_init                                0x20000205   Thumb Code    68  uart.o(i.uart_init)
    g_char2                                  0x20000254   Data           1  main.o(.constdata)
    Image$$RW_IRAM1$$Base                    0x20000258   Number         0  anon$$obj.o ABSOLUTE
    g_char1                                  0x20000258   Data           1  main.o(.data)
    Image$$RW_IRAM1$$ZI$$Base                0x2000025c   Number         0  anon$$obj.o ABSOLUTE
    g_A                                      0x2000025c   Data          64  main.o(.bss)
    g_B                                      0x2000029c   Data          64  main.o(.bss)



==============================================================================

Memory Map of the image

  Image entry point : Not specified.

  Load Region LR_IROM1 (Base: 0x08000000, Size: 0x0000025c, Max: 0x00080000, ABSOLUTE)

    Execution Region ER_IROM1 (Exec base: 0x20000000, Load base: 0x08000000, Size: 0x00000258, Max: 0xffffffff, ABSOLUTE)

    Exec Addr    Load Addr    Size         Type   Attr      Idx    E Section Name        Object

    0x20000000   0x08000000   0x00000008   Data   RO           32    RESET               start.o
    0x20000008   0x08000008   0x0000004c   Code   RO           33    .text               start.o
    0x20000054   0x08000054   0x00000012   Code   RO            1    i.delay             main.o
    0x20000066   0x08000066   0x00000002   PAD
    0x20000068   0x08000068   0x00000018   Code   RO           38    i.getchar           uart.o
    0x20000080   0x08000080   0x0000001a   Code   RO           62    i.memcpy            string.o
    0x2000009a   0x0800009a   0x00000014   Code   RO           63    i.memset            string.o
    0x200000ae   0x080000ae   0x00000002   PAD
    0x200000b0   0x080000b0   0x000000c0   Code   RO            2    i.mymain            main.o
    0x20000170   0x08000170   0x00000020   Code   RO           64    i.put_s_hex         string.o
    0x20000190   0x08000190   0x00000018   Code   RO           39    i.putchar           uart.o
    0x200001a8   0x080001a8   0x00000044   Code   RO           65    i.puthex            string.o
    0x200001ec   0x080001ec   0x00000016   Code   RO           66    i.puts              string.o
    0x20000202   0x08000202   0x00000002   PAD
    0x20000204   0x08000204   0x00000050   Code   RO           40    i.uart_init         uart.o
    0x20000254   0x08000254   0x00000001   Data   RO            4    .constdata          main.o


    Execution Region RW_IRAM1 (Exec base: 0x20000258, Load base: 0x08000258, Size: 0x000000c4, Max: 0xffffffff, ABSOLUTE)

    Exec Addr    Load Addr    Size         Type   Attr      Idx    E Section Name        Object

    0x20000258   0x08000258   0x00000001   Data   RW            5    .data               main.o
    0x20000259   0x08000259   0x00000003   PAD
    0x2000025c        -       0x000000c0   Zero   RW            3    .bss                main.o


==============================================================================

Image component sizes


      Code (inc. data)   RO Data    RW Data    ZI Data      Debug   Object Name

       210        100          1          1        192       3279   main.o
        76         36          8          0          0        388   start.o
       168         12          0          0          0       2946   string.o
       128         24          0          0          0       2064   uart.o

    ----------------------------------------------------------------------
       588        172         12          4        192       8677   Object Totals
         0          0          0          0          0          0   (incl. Generated)
         6          0          3          3          0          0   (incl. Padding)

    ----------------------------------------------------------------------
         0          0          0          0          0          0   Library Totals
         0          0          0          0          0          0   (incl. Padding)

    ----------------------------------------------------------------------

==============================================================================


      Code (inc. data)   RO Data    RW Data    ZI Data      Debug   

       588        172         12          4        192       8313   Grand Totals
       588        172         12          4        192       8313   ELF Image Totals
       588        172         12          4          0          0   ROM Totals

==============================================================================

    Total RO  Size (Code + RO Data)                  600 (   0.59kB)
    Total RW  Size (RW Data + ZI Data)               196 (   0.19kB)
    Total ROM Size (Code + RO Data + RW Data)        604 (   0.59kB)

==============================================================================

